 The 5-text_indentation module
======================

 Using text_indentation
-------------------

>>> text_indentation = __import__('5-text_indentation').text_indentation

=========================================================

 Test zone

=========================================================


>>> text_indentation("My name is Ro 2")
My name is Ro 2

--------------------

>>> text_indentation("Tirabaesa")
Tirabaesa

--------------------

>>> text_indentation(96)
Traceback (most recent call last):
TypeError: text must be a string

--------------------

>>> text_indentation(True)
Traceback (most recent call last):
TypeError: text must be a string

--------------------

>>> text_indentation(None)
Traceback (most recent call last):
TypeError: text must be a string

--------------------

>>> text_indentation("Bokita")
Bokita

--------------------
--------------------
